../Core/hhAS5600/hhAS5600.c:21:6:I2C_W_SCL	16	static
../Core/hhAS5600/hhAS5600.c:25:6:I2C_W_SDA	16	static
../Core/hhAS5600/hhAS5600.c:29:9:I2C_R_SDA	16	static
../Core/hhAS5600/hhAS5600.c:38:6:I2C_Start	8	static
../Core/hhAS5600/hhAS5600.c:45:6:I2C_Stop	8	static
../Core/hhAS5600/hhAS5600.c:51:6:I2C_SendByte	24	static
../Core/hhAS5600/hhAS5600.c:61:9:I2C_RecviveData	16	static
../Core/hhAS5600/hhAS5600.c:74:6:I2C_SendAck	16	static
../Core/hhAS5600/hhAS5600.c:80:9:I2C_RecviveAck	16	static
../Core/hhAS5600/hhAS5600.c:92:6:MyI2C_Init	8	static
../Core/hhAS5600/hhAS5600.c:97:7:AS5600_GetRawData	24	static
../Core/hhAS5600/hhAS5600.c:131:6:M0Sensor_update	24	static
../Core/hhAS5600/hhAS5600.c:156:6:Sensor_update	8	static
